1047129	115	179	gapped
2078529	6046	6090	split
2078529	6341	6351	split
22078527	808	807	split
22194912	3760	3761	split
22942802	543	544	split
6412	106	106	gapped
6434	121	125	gapped
J19536665	126	125	gapped
J19570308	77	75	split
J19637208	77	75	split
J19639045	81	75	gapped
J23188714	1680	1681	split
