J19639045	75-81	38	0
22942802	543-544	12	0
J19570308	75-77	39	0
J23188714	1680-1681	41	0
6412	106-106	47	0
22194912	3760-3761	19	0
6434	121-125	45	0
2078529	6046-6090	15	0
2078529	6341-6351	27	0
J19536665	125-126	60	0
J19637208	75-77	42	0
1047129	115-179	5	0
22078527	807-808	18	0
