filter_id	hits	misses	shared	rate_hit	rate_miss	rate_shared
FLT3.fa	22485	97053	0	0.188099	0.811901	0
KMT2A.fa	12097	107441	0	0.101198	0.898802	0
NPM1.fa	69856	49682	0	0.584383	0.415617	0
NSD1.fa	7288	112250	0	0.0609681	0.939032	0
NUP98.fa	7811	111727	0	0.0653432	0.934657	0
multiMatch	0	119538	0	0	1	0
noMatch	1	119537	0	8.36554e-06	0.999992	0
